// Jest Snapshot v1, https://goo.gl/fbAQLP

exports[`Test Filter component Render empty Filter 1`] = `
<div
  className="filter"
>
  <div
    className="wrapper box"
  >
    <h3
      className="title"
    >
      Количество пересадок
    </h3>
    <ul>
      <CheckBox
        key="filter__all__transfer"
        name="filter__all__transfer"
        text="Все"
      />
      <CheckBox
        key="filter__without__transfer"
        name="filter__without__transfer"
        text="Без пересадок"
      />
      <CheckBox
        key="filter__one__transfer"
        name="filter__one__transfer"
        text="1 пересадка"
      />
      <CheckBox
        key="filter__two__transfer"
        name="filter__two__transfer"
        text="2 пересадка"
      />
      <CheckBox
        key="filter__three__transfer"
        name="filter__three__transfer"
        text="3 пересадка"
      />
    </ul>
  </div>
</div>
`;
