// Jest Snapshot v1, https://goo.gl/fbAQLP

exports[`Test custom Error component Render empty Error 1`] = `
<div
  className="box wrapper"
>
  <p
    className="text"
  >
    Ошибка загрузки билетов!
  </p>
  <button
    className="button"
    type="button"
  >
    Попробовать еще раз?
  </button>
</div>
`;
