// Jest Snapshot v1, https://goo.gl/fbAQLP

exports[`Test Ticket component Render empty Ticket 1`] = `
<li
  className="ticket box"
>
  <div
    className="price"
  >
    18,204
     P
  </div>
  <img
    alt="airport"
    className="image"
    src="http://pics.avs.io/99/36/S7.png"
  />
  <TicketInfo
    text="16:46 - 18:30"
    title="HKT - HKT"
  />
  <TicketInfo
    text="25ч 44м"
    title="В пути"
  />
  <TicketInfo
    text="SHA,DXB,HKG"
    title="3 Пересадки"
  />
  <TicketInfo
    text="16:46 - 01:10"
    title="HKT - HKT"
  />
  <TicketInfo
    text="32ч 24м"
    title="В пути"
  />
  <TicketInfo
    text="SHA,DXB,HKG"
    title="3 Пересадки"
  />
</li>
`;
